// Vitest Snapshot v1

exports[`schema test > index.json is exits. 1`] = `
{
  "$id": "http://growing-web.manifest/schema.json",
  "$schema": "http://json-schema.org/draft-07/schema#",
  "additionalProperties": false,
  "definitions": {
    "banner": {
      "additionalProperties": false,
      "properties": {
        "footer": {
          "type": "string",
        },
        "header": {
          "type": "string",
        },
      },
      "type": "object",
    },
    "entries": {
      "items": {
        "$ref": "#/definitions/entry",
      },
      "minLength": 1,
      "type": "array",
    },
    "entry": {
      "additionalProperties": false,
      "properties": {
        "input": {
          "type": "string",
        },
        "output": {
          "$ref": "#/definitions/output",
        },
        "publicPath": {
          "type": "string",
        },
      },
      "required": [
        "input",
      ],
      "type": "object",
    },
    "formats": {
      "items": {
        "enum": [
          "cjs",
          "esm",
          "iife",
          "umd",
          "system",
        ],
        "type": "string",
      },
      "type": "array",
    },
    "meta": {
      "additionalProperties": false,
      "properties": {
        "umdName": {
          "type": "string",
        },
      },
      "type": "object",
    },
    "output": {
      "additionalProperties": false,
      "properties": {
        "assetFileNames": {
          "type": "string",
        },
        "banner": {
          "$ref": "#/definitions/banner",
        },
        "chunkFileNames": {
          "type": "string",
        },
        "declaration": {
          "type": "boolean",
        },
        "dir": {
          "type": "string",
        },
        "entryFileNames": {
          "type": "string",
        },
        "externals": {
          "items": {
            "type": "string",
          },
          "type": "array",
        },
        "formats": {
          "items": {
            "enum": [
              "cjs",
              "esm",
              "iife",
              "umd",
              "system",
            ],
            "type": "string",
          },
          "type": "array",
        },
        "globals": {
          "patternProperties": {
            "[a-zA-Z]+": {
              "type": "string",
            },
          },
          "type": "object",
        },
        "meta": {
          "$ref": "#/definitions/meta",
        },
        "sourcemap": {
          "type": "boolean",
        },
      },
      "type": "object",
    },
    "pathRewrite": {
      "items": {
        "additionalProperties": false,
        "properties": {
          "regular": {
            "anyOf": [
              {
                "instanceof": "RegExp",
              },
              {
                "type": "string",
              },
            ],
          },
          "replacement": {
            "type": "string",
          },
        },
        "type": "object",
      },
      "type": "array",
    },
    "proxy": {
      "items": {
        "additionalProperties": true,
        "properties": {
          "changeOrigin": {
            "type": "boolean",
          },
          "pathRewrite": {
            "$ref": "#/definitions/pathRewrite",
          },
          "secure": {
            "type": "boolean",
          },
          "target": {
            "type": "string",
          },
          "url": {
            "type": "string",
          },
        },
        "required": [
          "url",
          "target",
        ],
        "type": "object",
      },
      "type": "array",
    },
    "server": {
      "additionalProperties": false,
      "properties": {
        "host": {
          "type": "string",
        },
        "port": {
          "maximum": 65535,
          "minimum": 0,
          "type": "number",
        },
        "proxy": {
          "$ref": "#/definitions/proxy",
        },
      },
      "type": "object",
    },
  },
  "description": "web-project manifest field in growing-web.",
  "properties": {
    "$schema": {
      "description": "schema remote path.",
      "type": "string",
    },
    "entries": {
      "$ref": "#/definitions/entries",
      "description": "application entries file.",
    },
    "schemaVersion": {
      "description": "web project manifest version.",
      "type": "string",
    },
    "server": {
      "$ref": "#/definitions/server",
      "description": "local server configuration",
    },
  },
  "required": [
    "schemaVersion",
    "entries",
  ],
  "title": "Web Project Manifest",
  "type": "object",
}
`;
